// Jest Snapshot v1, https://goo.gl/fbAQLP

exports[`renders correctly 1`] = `
<header
  className="header"
>
  <div
    className="header__container"
  >
    <h1>
      <a
        href="/"
        title="Creditas"
      >
        <img
          alt="Creditas"
          className="logo"
          src="https://staging.creditas.com.br/static/images/logo-creditas-white-3cd22a2808.svg"
        />
      </a>
    </h1>
    <a
      className="help"
      href="https://ajuda.creditas.com.br/hc/pt-br"
    >
      Ajuda
    </a>
  </div>
</header>
`;
