// Jest Snapshot v1, https://goo.gl/fbAQLP

exports[`renders correctly 1`] = `
<div
  className="field"
>
  <label
    htmlFor="inputId"
  >
    Test
  </label>
  <select
    id="inputId"
    name="inputId"
    onChange={[Function]}
    required={true}
  >
    <option
      value={1}
    >
      test 1
    </option>
    <option
      value={2}
    >
      test 2
    </option>
  </select>
</div>
`;
